[tuning] trials/model=8 jobs=4 quick=False resume=True saber_pro_features=False
[data] loaded 12411 rows x 44 columns
[subset] keeping 6 programmes with >= 200 students (95.9% of students); dropped: ['AERONAUTICAL ENGINEERING', 'AUTOMATION ENGINEERING', 'CATASTRAL ENGINEERING AND GEODESY', 'CIVIL CONSTRUCTIONS', 'CONTROL ENGINEERING', 'ELECTRIC ENGINEERING AND TELECOMMUNICATIONS', 'ELECTROMECHANICAL ENGINEERING', 'INDUSTRIAL AUTOMATIC ENGINEERING', 'INDUSTRIAL CONTROL AND AUTOMATION ENGINEERING', 'MECHATRONICS ENGINEERING', 'PRODUCTION ENGINEERING', 'PRODUCTIVITY AND QUALITY ENGINEERING', 'TEXTILE ENGINEERING', 'TOPOGRAPHIC ENGINEERY', 'TRANSPORTATION AND ROAD ENGINEERING']
[data] N=11900  track majority floor 44.7%  programme majority floor 44.7%
[jobs] 50 (task x model x fold) jobs, each = 8 inner trials + final fits
[Parallel(n_jobs=4)]: Using backend LokyBackend with 4 concurrent workers.
[Parallel(n_jobs=4)]: Done  10 tasks      | elapsed:  5.6min
[Parallel(n_jobs=4)]: Done  50 out of  50 | elapsed: 20.3min finished

========================================================================================================================
PROGRAM / default
========================================================================================================================
                        Model              Category Top-1 accuracy (%) Top-3 accuracy (%)      Macro-F1 Balanced acc. (%) p vs Proposed (Macro-F1) Holm-adj. p
          Logistic Regression     A: Traditional ML       54.89 ± 0.82       89.06 ± 1.10 0.478 ± 0.008      57.26 ± 1.16                   0.0002      0.0012
                Random Forest     A: Traditional ML       59.32 ± 0.84       92.93 ± 0.91 0.495 ± 0.010      53.22 ± 1.13                   0.0002      0.0012
         HistGradientBoosting     A: Traditional ML       58.92 ± 1.22       93.14 ± 0.52 0.486 ± 0.006      51.39 ± 0.75                   0.0001      0.0009
                   Static MLP B: Single-branch deep       54.23 ± 1.09       90.87 ± 0.92 0.458 ± 0.007      52.41 ± 1.20                   0.4458      1.0000
              Standalone LSTM B: Single-branch deep       27.66 ± 0.85       61.69 ± 1.75 0.183 ± 0.005      25.59 ± 0.81                   0.0000      0.0000
      Hybrid-1 (MLP+CNN+LSTM)    C: Hybrid baseline       54.17 ± 1.50       91.20 ± 0.86 0.462 ± 0.014      53.35 ± 1.74                   0.7408      1.0000
        Hybrid-2 (MLP+BiLSTM)    C: Hybrid baseline       54.18 ± 1.65       90.92 ± 0.57 0.460 ± 0.017      53.30 ± 1.96                   0.9593      1.0000
           Hybrid-3 (MLP+GRU)    C: Hybrid baseline       54.30 ± 1.33       91.45 ± 0.69 0.457 ± 0.010      52.58 ± 1.22                   0.5364      1.0000
   Hybrid-4 (MLP+Transformer)    C: Hybrid baseline       53.65 ± 1.27       91.34 ± 0.59 0.458 ± 0.011      53.14 ± 1.76                   0.6697      1.0000
Proposed (MLP+CausalTCN+LSTM)           D: Proposed       54.44 ± 1.56       91.16 ± 0.43 0.460 ± 0.008      52.82 ± 0.89                        -           -
   Majority class (reference)             reference       44.69 ± 0.02       82.13 ± 0.02 0.103 ± 0.000      16.67 ± 0.00                        -           -

========================================================================================================================
PROGRAM / tuned_macro_f1
========================================================================================================================
                        Model              Category Top-1 accuracy (%) Top-3 accuracy (%)      Macro-F1 Balanced acc. (%) p vs Proposed (Macro-F1) Holm-adj. p
          Logistic Regression     A: Traditional ML       57.18 ± 2.62       90.08 ± 2.43 0.485 ± 0.011      55.03 ± 2.76                   0.1818      1.0000
                Random Forest     A: Traditional ML       61.00 ± 0.76       93.24 ± 0.20 0.504 ± 0.011      52.87 ± 2.21                   0.0023      0.0182
         HistGradientBoosting     A: Traditional ML       58.54 ± 2.24       92.68 ± 1.01 0.486 ± 0.007      52.63 ± 2.03                   0.0669      0.4682
                   Static MLP B: Single-branch deep       59.21 ± 1.16       92.33 ± 0.84 0.473 ± 0.024      49.32 ± 3.66                   0.7197      1.0000
              Standalone LSTM B: Single-branch deep       31.10 ± 6.18       65.92 ± 8.45 0.185 ± 0.009      24.31 ± 2.93                   0.0000      0.0002
      Hybrid-1 (MLP+CNN+LSTM)    C: Hybrid baseline       56.39 ± 1.80       91.89 ± 0.53 0.465 ± 0.013      50.90 ± 1.95                   0.6651      1.0000
        Hybrid-2 (MLP+BiLSTM)    C: Hybrid baseline       57.42 ± 1.81       91.85 ± 0.28 0.474 ± 0.020      51.45 ± 2.74                   0.3422      1.0000
           Hybrid-3 (MLP+GRU)    C: Hybrid baseline       57.15 ± 1.95       91.44 ± 1.58 0.471 ± 0.006      51.24 ± 2.39                   0.8398      1.0000
   Hybrid-4 (MLP+Transformer)    C: Hybrid baseline       58.61 ± 0.86       92.10 ± 0.16 0.474 ± 0.013      50.13 ± 1.91                   0.5386      1.0000
Proposed (MLP+CausalTCN+LSTM)           D: Proposed       57.50 ± 1.86       91.83 ± 0.40 0.470 ± 0.018      50.60 ± 1.26                        -           -
   Majority class (reference)             reference       44.69 ± 0.02       82.13 ± 0.02 0.103 ± 0.000      16.67 ± 0.00                        -           -

========================================================================================================================
PROGRAM / tuned_accuracy
========================================================================================================================
                        Model              Category Top-1 accuracy (%) Top-3 accuracy (%)      Macro-F1 Balanced acc. (%) p vs Proposed (Macro-F1) Holm-adj. p
          Logistic Regression     A: Traditional ML       62.02 ± 0.60       92.92 ± 0.48 0.443 ± 0.018      42.40 ± 1.62                   0.5568      1.0000
                Random Forest     A: Traditional ML       62.83 ± 1.22       94.13 ± 0.45 0.445 ± 0.017      42.71 ± 1.64                   0.3409      1.0000
         HistGradientBoosting     A: Traditional ML       61.46 ± 0.93       93.76 ± 0.35 0.453 ± 0.010      43.67 ± 0.82                   0.8775      1.0000
                   Static MLP B: Single-branch deep       60.76 ± 1.23       92.95 ± 0.32 0.454 ± 0.018      44.85 ± 3.33                   0.8426      1.0000
              Standalone LSTM B: Single-branch deep       44.39 ± 0.32       83.35 ± 0.22 0.128 ± 0.008      17.26 ± 0.23                   0.0000      0.0000
      Hybrid-1 (MLP+CNN+LSTM)    C: Hybrid baseline       61.57 ± 0.92       92.72 ± 0.50 0.448 ± 0.009      44.07 ± 0.99                   0.7056      1.0000
        Hybrid-2 (MLP+BiLSTM)    C: Hybrid baseline       60.87 ± 2.06       92.24 ± 0.51 0.457 ± 0.021      45.94 ± 4.47                   0.6972      1.0000
           Hybrid-3 (MLP+GRU)    C: Hybrid baseline       61.79 ± 0.74       92.80 ± 0.40 0.444 ± 0.007      43.82 ± 0.63                   0.4966      1.0000
   Hybrid-4 (MLP+Transformer)    C: Hybrid baseline       60.84 ± 0.45       92.59 ± 0.48 0.452 ± 0.005      44.56 ± 0.76                   0.9114      1.0000
Proposed (MLP+CausalTCN+LSTM)           D: Proposed       60.04 ± 2.33       92.26 ± 0.63 0.451 ± 0.020      44.87 ± 3.18                        -           -
   Majority class (reference)             reference       44.69 ± 0.02       82.13 ± 0.02 0.103 ± 0.000      16.67 ± 0.00                        -           -

OBJECTIVE 1 PART 2 - TRACK HEAD & TUNING
======================================================================
N=11900 | trials/model=8 | nested inner hold-out 80/20 | saber_pro_features=False
majority floors: track 44.7%, programme 44.7%

## PROGRAM TASK
[default] best Macro-F1: Random Forest 0.495 | best accuracy: Random Forest 59.3% | proposed: F1 0.460, acc 54.4%, top3 91.2% | majority acc 44.7%
    significantly (p<0.05, uncorrected) better than: ['Standalone LSTM']; significantly worse than: ['Logistic Regression', 'Random Forest', 'HistGradientBoosting']
[tuned_macro_f1] best Macro-F1: Random Forest 0.504 | best accuracy: Random Forest 61.0% | proposed: F1 0.470, acc 57.5%, top3 91.8% | majority acc 44.7%
    significantly (p<0.05, uncorrected) better than: ['Standalone LSTM']; significantly worse than: ['Random Forest']
[tuned_accuracy] best Macro-F1: Hybrid-2 (MLP+BiLSTM) 0.457 | best accuracy: Random Forest 62.8% | proposed: F1 0.451, acc 60.0%, top3 92.3% | majority acc 44.7%
    significantly (p<0.05, uncorrected) better than: ['Standalone LSTM']; significantly worse than: none
    tuning gain for Proposed (Macro-F1): 0.460 -> 0.470
    85% Top-3 target: best observed 94.1% -> MET

Selection used ONLY the inner 20% hold-out of each outer-training set; outer folds were evaluated once. Paired t-tests use 5 folds (4 d.o.f.) and have low power.

All outputs in ./objective1_outputs_subset6_univ/  (total 20.5 min)
EXIT=0
