[tuning] trials/model=8 jobs=4 quick=False resume=True saber_pro_features=False
[data] loaded 12411 rows x 44 columns
[data] N=12411  track majority floor 43.6%  programme majority floor 42.8%
[jobs] 50 (task x model x fold) jobs, each = 8 inner trials + final fits
[Parallel(n_jobs=4)]: Using backend LokyBackend with 4 concurrent workers.
[Parallel(n_jobs=4)]: Done  10 tasks      | elapsed: 11.7min
[Parallel(n_jobs=4)]: Done  50 out of  50 | elapsed: 28.1min finished

========================================================================================================================
PROGRAM / default
========================================================================================================================
                        Model              Category Top-1 accuracy (%) Top-3 accuracy (%)      Macro-F1 Balanced acc. (%) p vs Proposed (Macro-F1) Holm-adj. p
          Logistic Regression     A: Traditional ML       12.31 ± 1.01       44.76 ± 1.56 0.054 ± 0.006      12.84 ± 0.84                   0.8804      1.0000
                Random Forest     A: Traditional ML       32.19 ± 0.93       72.15 ± 0.49 0.075 ± 0.006       8.34 ± 0.68                   0.0011      0.0087
         HistGradientBoosting     A: Traditional ML       34.57 ± 0.86       76.65 ± 0.49 0.075 ± 0.003       7.97 ± 0.37                   0.0008      0.0073
                   Static MLP B: Single-branch deep       11.09 ± 2.08       45.04 ± 2.95 0.048 ± 0.005      12.13 ± 2.24                   0.0055      0.0329
              Standalone LSTM B: Single-branch deep        4.67 ± 1.47       24.29 ± 3.48 0.026 ± 0.006      12.80 ± 1.24                   0.0032      0.0224
      Hybrid-1 (MLP+CNN+LSTM)    C: Hybrid baseline       14.71 ± 2.80       47.77 ± 4.53 0.059 ± 0.008      14.20 ± 1.52                   0.0284      0.1193
        Hybrid-2 (MLP+BiLSTM)    C: Hybrid baseline       14.91 ± 1.69       48.55 ± 3.22 0.060 ± 0.007      13.95 ± 1.62                   0.0367      0.1193
           Hybrid-3 (MLP+GRU)    C: Hybrid baseline       15.00 ± 2.87       49.67 ± 3.88 0.061 ± 0.009      13.50 ± 1.88                   0.0239      0.1193
   Hybrid-4 (MLP+Transformer)    C: Hybrid baseline       13.31 ± 1.84       47.14 ± 3.36 0.054 ± 0.007      13.84 ± 2.64                   0.9790      1.0000
Proposed (MLP+CausalTCN+LSTM)           D: Proposed       13.51 ± 1.14       46.32 ± 2.04 0.054 ± 0.005      13.02 ± 1.89                        -           -
   Majority class (reference)             reference       42.85 ± 0.02       78.74 ± 0.02 0.031 ± 0.001       5.16 ± 0.14                        -           -

========================================================================================================================
PROGRAM / tuned_macro_f1
========================================================================================================================
                        Model              Category Top-1 accuracy (%) Top-3 accuracy (%)      Macro-F1 Balanced acc. (%) p vs Proposed (Macro-F1) Holm-adj. p
          Logistic Regression     A: Traditional ML       39.54 ± 3.74       77.86 ± 3.21 0.077 ± 0.011       8.42 ± 1.89                   0.1526      0.8424
                Random Forest     A: Traditional ML       33.44 ± 4.77       72.90 ± 4.39 0.087 ± 0.021      10.50 ± 3.56                   0.8979      1.0000
         HistGradientBoosting     A: Traditional ML       35.62 ± 3.47       75.92 ± 3.84 0.084 ± 0.009       9.02 ± 1.31                   0.3607      1.0000
                   Static MLP B: Single-branch deep      32.78 ± 10.67       73.18 ± 8.54 0.074 ± 0.010       8.35 ± 1.66                   0.1012      0.7082
              Standalone LSTM B: Single-branch deep      33.75 ± 16.30      69.19 ± 19.96 0.047 ± 0.017       7.64 ± 3.27                   0.0108      0.0972
      Hybrid-1 (MLP+CNN+LSTM)    C: Hybrid baseline       34.05 ± 8.18       73.52 ± 6.35 0.081 ± 0.010      10.08 ± 2.09                   0.2011      0.8424
        Hybrid-2 (MLP+BiLSTM)    C: Hybrid baseline       36.11 ± 1.27       76.34 ± 0.51 0.079 ± 0.008       8.31 ± 0.69                   0.0535      0.4281
           Hybrid-3 (MLP+GRU)    C: Hybrid baseline       37.31 ± 2.53       76.81 ± 1.55 0.082 ± 0.006       9.66 ± 0.77                   0.1404      0.8424
   Hybrid-4 (MLP+Transformer)    C: Hybrid baseline       36.85 ± 1.46       76.39 ± 1.08 0.083 ± 0.009       9.76 ± 0.48                   0.3585      1.0000
Proposed (MLP+CausalTCN+LSTM)           D: Proposed       36.44 ± 3.53       76.48 ± 2.08 0.089 ± 0.006       9.70 ± 0.95                        -           -
   Majority class (reference)             reference       42.85 ± 0.02       78.74 ± 0.02 0.031 ± 0.001       5.16 ± 0.14                        -           -

========================================================================================================================
PROGRAM / tuned_top3
========================================================================================================================
                        Model              Category Top-1 accuracy (%) Top-3 accuracy (%)      Macro-F1 Balanced acc. (%) p vs Proposed (Macro-F1) Holm-adj. p
          Logistic Regression     A: Traditional ML       44.34 ± 0.63       81.77 ± 0.96 0.052 ± 0.007       6.10 ± 0.36                   0.2028      1.0000
                Random Forest     A: Traditional ML       44.28 ± 1.16       82.23 ± 0.71 0.056 ± 0.006       6.29 ± 0.31                   0.2411      1.0000
         HistGradientBoosting     A: Traditional ML       43.45 ± 1.60       81.73 ± 0.66 0.063 ± 0.005       6.64 ± 0.36                   0.7233      1.0000
                   Static MLP B: Single-branch deep       42.70 ± 2.16       80.28 ± 2.05 0.053 ± 0.003       6.10 ± 0.13                   0.1413      1.0000
              Standalone LSTM B: Single-branch deep       42.61 ± 0.23       79.71 ± 0.39 0.038 ± 0.002       5.31 ± 0.12                   0.0156      0.1406
      Hybrid-1 (MLP+CNN+LSTM)    C: Hybrid baseline       44.51 ± 0.69       81.75 ± 1.01 0.056 ± 0.005       6.32 ± 0.30                   0.2538      1.0000
        Hybrid-2 (MLP+BiLSTM)    C: Hybrid baseline       41.70 ± 3.34       80.61 ± 2.60 0.065 ± 0.012       7.27 ± 1.34                   0.9973      1.0000
           Hybrid-3 (MLP+GRU)    C: Hybrid baseline       44.28 ± 0.94       81.74 ± 0.46 0.055 ± 0.005       6.26 ± 0.20                   0.1765      1.0000
   Hybrid-4 (MLP+Transformer)    C: Hybrid baseline       42.84 ± 1.22       81.12 ± 0.43 0.055 ± 0.004       6.23 ± 0.22                   0.1956      1.0000
Proposed (MLP+CausalTCN+LSTM)           D: Proposed       41.23 ± 2.88       79.41 ± 2.58 0.065 ± 0.014       7.11 ± 1.56                        -           -
   Majority class (reference)             reference       42.85 ± 0.02       78.74 ± 0.02 0.031 ± 0.001       5.16 ± 0.14                        -           -

OBJECTIVE 1 PART 2 - TRACK HEAD & TUNING
======================================================================
N=12411 | trials/model=8 | nested inner hold-out 80/20 | saber_pro_features=False
majority floors: track 43.6%, programme 42.8%

## PROGRAM TASK
[default] best Macro-F1: HistGradientBoosting 0.075 | best accuracy: HistGradientBoosting 34.6% | proposed: F1 0.054, acc 13.5%, top3 46.3% | majority acc 42.8%
    significantly (p<0.05, uncorrected) better than: ['Static MLP', 'Standalone LSTM']; significantly worse than: ['Random Forest', 'HistGradientBoosting', 'Hybrid-1 (MLP+CNN+LSTM)', 'Hybrid-2 (MLP+BiLSTM)', 'Hybrid-3 (MLP+GRU)']
[tuned_macro_f1] best Macro-F1: Proposed (MLP+CausalTCN+LSTM) 0.089 | best accuracy: Logistic Regression 39.5% | proposed: F1 0.089, acc 36.4%, top3 76.5% | majority acc 42.8%
    significantly (p<0.05, uncorrected) better than: ['Standalone LSTM']; significantly worse than: none
[tuned_top3] best Macro-F1: Proposed (MLP+CausalTCN+LSTM) 0.065 | best accuracy: Hybrid-1 (MLP+CNN+LSTM) 44.5% | proposed: F1 0.065, acc 41.2%, top3 79.4% | majority acc 42.8%
    significantly (p<0.05, uncorrected) better than: ['Standalone LSTM']; significantly worse than: none
    tuning gain for Proposed (Macro-F1): 0.054 -> 0.089
    85% Top-3 target: best observed 82.2% -> NOT MET

Selection used ONLY the inner 20% hold-out of each outer-training set; outer folds were evaluated once. Paired t-tests use 5 folds (4 d.o.f.) and have low power.

All outputs in ./objective1_outputs_top3_preuni/  (total 28.4 min)
EXIT=0
