[spain] horizons=['H2', 'H1'] trials=6 jobs=4 search_frac=1.0 quick=False
[spain] 9833 student-year records, 9747 students, dropout 13.18%
  fold 1: train 7866 test 1967 dropout 13.17%
  fold 2: train 7865 test 1968 dropout 13.21%
  fold 3: train 7867 test 1966 dropout 13.17%
  fold 4: train 7867 test 1966 dropout 13.17%
  fold 5: train 7867 test 1966 dropout 13.17%
[spain] 130 jobs
[Parallel(n_jobs=4)]: Using backend LokyBackend with 4 concurrent workers.
[Parallel(n_jobs=4)]: Done  10 tasks      | elapsed:  1.5min
[Parallel(n_jobs=4)]: Done  64 tasks      | elapsed:  5.3min
[Parallel(n_jobs=4)]: Done 130 out of 130 | elapsed:  9.3min finished

============================================================================================================================================
H2 after semester 1 / default
============================================================================================================================================
                          Model        PR-AUC       ROC-AUC      Macro-F1 Dropout recall Captured in top 10% Mean rank PR-AUC p vs Proposed (PR-AUC) Holm p p vs Proposed (Macro-F1)
            Logistic Regression 0.544 ± 0.025 0.828 ± 0.005 0.724 ± 0.004  0.523 ± 0.055       0.444 ± 0.008              9.4                 0.0283 0.1698                   0.0636
                  Random Forest 0.530 ± 0.037 0.818 ± 0.013 0.732 ± 0.012  0.552 ± 0.030       0.463 ± 0.021             11.2                 0.0071 0.0638                   0.0034
           HistGradientBoosting 0.561 ± 0.037 0.822 ± 0.020 0.731 ± 0.015  0.502 ± 0.065       0.470 ± 0.023              5.2                 0.3087 0.9262                   0.0106
                     Static MLP 0.548 ± 0.026 0.831 ± 0.005 0.738 ± 0.007  0.523 ± 0.031       0.461 ± 0.006              9.2                 0.0081 0.0649                   0.3233
                Standalone LSTM 0.328 ± 0.018 0.698 ± 0.005 0.610 ± 0.008  0.378 ± 0.030       0.341 ± 0.047             13.0                 0.0001 0.0010                   0.0000
        Hybrid-1 (MLP+CNN+LSTM) 0.571 ± 0.028 0.837 ± 0.009 0.745 ± 0.009  0.545 ± 0.052       0.478 ± 0.010              3.0                 0.5362 1.0000                   0.4710
          Hybrid-2 (MLP+BiLSTM) 0.564 ± 0.033 0.836 ± 0.012 0.742 ± 0.013  0.539 ± 0.048       0.479 ± 0.022              5.0                 0.0726 0.2904                   0.8171
             Hybrid-3 (MLP+GRU) 0.561 ± 0.030 0.833 ± 0.010 0.743 ± 0.013  0.541 ± 0.039       0.476 ± 0.014              6.4                 0.0031 0.0345                   0.9988
     Hybrid-4 (MLP+Transformer) 0.548 ± 0.021 0.833 ± 0.005 0.735 ± 0.006  0.500 ± 0.045       0.467 ± 0.009              9.4                 0.0056 0.0565                   0.1468
  Proposed (MLP+CausalTCN+LSTM) 0.572 ± 0.030 0.836 ± 0.008 0.743 ± 0.014  0.549 ± 0.048       0.481 ± 0.020              2.6                      -      -                        -
      Hybrid-5 (MLP+CNN-BiLSTM) 0.574 ± 0.025 0.837 ± 0.006 0.737 ± 0.014  0.560 ± 0.073       0.469 ± 0.021              2.4                 0.5790 1.0000                   0.0523
  Hybrid-6 (MLP+Attention-LSTM) 0.560 ± 0.033 0.836 ± 0.006 0.739 ± 0.009  0.521 ± 0.047       0.477 ± 0.012              7.4                 0.0151 0.1059                   0.1749
Hybrid-7 (MLP+Transformer-LSTM) 0.557 ± 0.021 0.832 ± 0.004 0.733 ± 0.007  0.511 ± 0.053       0.468 ± 0.020              6.8                 0.0392 0.1960                   0.0617
           Reference (no skill)         0.132         0.500         0.465              -               0.100              NaN                    NaN    NaN                      NaN

============================================================================================================================================
H2 after semester 1 / tuned
============================================================================================================================================
                          Model        PR-AUC       ROC-AUC      Macro-F1 Dropout recall Captured in top 10% Mean rank PR-AUC p vs Proposed (PR-AUC) Holm p p vs Proposed (Macro-F1)
            Logistic Regression 0.548 ± 0.023 0.829 ± 0.005 0.731 ± 0.007  0.539 ± 0.043       0.453 ± 0.003              9.0                 0.0705 0.6345                   0.2364
                  Random Forest 0.560 ± 0.021 0.825 ± 0.011 0.734 ± 0.011  0.525 ± 0.024       0.467 ± 0.014              7.6                 0.3774 1.0000                   0.5135
           HistGradientBoosting 0.568 ± 0.027 0.829 ± 0.015 0.739 ± 0.010  0.512 ± 0.066       0.470 ± 0.017              5.0                 0.9554 1.0000                   0.6783
                     Static MLP 0.547 ± 0.030 0.829 ± 0.005 0.737 ± 0.007  0.525 ± 0.051       0.452 ± 0.017             10.2                 0.0003 0.0032                   0.3872
                Standalone LSTM 0.325 ± 0.016 0.698 ± 0.005 0.607 ± 0.014  0.352 ± 0.081       0.360 ± 0.038             13.0                 0.0001 0.0007                   0.0000
        Hybrid-1 (MLP+CNN+LSTM) 0.571 ± 0.030 0.838 ± 0.007 0.740 ± 0.011  0.549 ± 0.051       0.471 ± 0.018              2.8                 0.5503 1.0000                   0.9336
          Hybrid-2 (MLP+BiLSTM) 0.575 ± 0.027 0.839 ± 0.009 0.742 ± 0.014  0.498 ± 0.054       0.482 ± 0.018              4.2                 0.2706 1.0000                   0.7661
             Hybrid-3 (MLP+GRU) 0.558 ± 0.035 0.830 ± 0.012 0.741 ± 0.008  0.524 ± 0.053       0.476 ± 0.015              6.8                 0.1301 0.9731                   0.7667
     Hybrid-4 (MLP+Transformer) 0.555 ± 0.024 0.836 ± 0.009 0.739 ± 0.008  0.498 ± 0.042       0.471 ± 0.013              8.4                 0.1216 0.9731                   0.8662
  Proposed (MLP+CausalTCN+LSTM) 0.567 ± 0.030 0.836 ± 0.010 0.740 ± 0.014  0.555 ± 0.064       0.472 ± 0.010              4.8                      -      -                        -
      Hybrid-5 (MLP+CNN-BiLSTM) 0.576 ± 0.019 0.839 ± 0.006 0.740 ± 0.004  0.498 ± 0.020       0.470 ± 0.010              3.4                 0.3852 1.0000                   0.9875
  Hybrid-6 (MLP+Attention-LSTM) 0.555 ± 0.030 0.832 ± 0.007 0.743 ± 0.016  0.526 ± 0.024       0.478 ± 0.018              8.0                 0.2490 1.0000                   0.4805
Hybrid-7 (MLP+Transformer-LSTM) 0.555 ± 0.023 0.832 ± 0.004 0.733 ± 0.012  0.518 ± 0.046       0.468 ± 0.015              7.8                 0.0506 0.5055                   0.2425
           Reference (no skill)         0.132         0.500         0.465              -               0.100              NaN                    NaN    NaN                      NaN

============================================================================================================================================
H1 enrolment time / default
============================================================================================================================================
                          Model        PR-AUC       ROC-AUC      Macro-F1 Dropout recall Captured in top 10% Mean rank PR-AUC p vs Proposed (PR-AUC) Holm p p vs Proposed (Macro-F1)
            Logistic Regression 0.366 ± 0.021 0.752 ± 0.020 0.643 ± 0.008  0.367 ± 0.053       0.321 ± 0.016             10.8                 0.0169 0.1690                   0.4663
                  Random Forest 0.345 ± 0.030 0.737 ± 0.019 0.637 ± 0.020  0.382 ± 0.057       0.312 ± 0.031             12.0                 0.0001 0.0014                   0.1098
           HistGradientBoosting 0.391 ± 0.038 0.735 ± 0.022 0.646 ± 0.021  0.341 ± 0.069       0.333 ± 0.032              7.0                 0.0826 0.7430                   0.8004
                     Static MLP 0.392 ± 0.038 0.753 ± 0.021 0.647 ± 0.014  0.360 ± 0.039       0.336 ± 0.018              7.2                 0.1560 1.0000                   0.9177
                Standalone LSTM 0.132 ± 0.000 0.500 ± 0.000 0.116 ± 0.000  1.000 ± 0.000       1.000 ± 0.000             13.0                 0.0001 0.0009                   0.0000
        Hybrid-1 (MLP+CNN+LSTM) 0.392 ± 0.032 0.753 ± 0.020 0.651 ± 0.016  0.405 ± 0.093       0.342 ± 0.025              6.0                 0.2303 1.0000                   0.6638
          Hybrid-2 (MLP+BiLSTM) 0.394 ± 0.031 0.753 ± 0.019 0.650 ± 0.013  0.384 ± 0.082       0.344 ± 0.025              5.6                 0.4914 1.0000                   0.7246
             Hybrid-3 (MLP+GRU) 0.397 ± 0.025 0.753 ± 0.020 0.654 ± 0.015  0.375 ± 0.056       0.336 ± 0.025              4.6                 0.9025 1.0000                   0.1827
     Hybrid-4 (MLP+Transformer) 0.393 ± 0.032 0.752 ± 0.017 0.655 ± 0.012  0.384 ± 0.067       0.336 ± 0.026              6.0                 0.2009 1.0000                   0.1111
  Proposed (MLP+CausalTCN+LSTM) 0.397 ± 0.035 0.753 ± 0.018 0.647 ± 0.019  0.319 ± 0.069       0.336 ± 0.027              4.0                      -      -                        -
      Hybrid-5 (MLP+CNN-BiLSTM) 0.394 ± 0.028 0.750 ± 0.016 0.652 ± 0.013  0.379 ± 0.090       0.337 ± 0.016              5.4                 0.5203 1.0000                   0.5166
  Hybrid-6 (MLP+Attention-LSTM) 0.397 ± 0.037 0.755 ± 0.019 0.645 ± 0.025  0.340 ± 0.083       0.336 ± 0.029              4.2                 0.5421 1.0000                   0.5566
Hybrid-7 (MLP+Transformer-LSTM) 0.395 ± 0.035 0.753 ± 0.024 0.649 ± 0.017  0.374 ± 0.071       0.336 ± 0.023              5.2                 0.2624 1.0000                   0.7518
           Reference (no skill)         0.132         0.500         0.465              -               0.100              NaN                    NaN    NaN                      NaN

============================================================================================================================================
H1 enrolment time / tuned
============================================================================================================================================
                          Model        PR-AUC       ROC-AUC      Macro-F1 Dropout recall Captured in top 10% Mean rank PR-AUC p vs Proposed (PR-AUC) Holm p p vs Proposed (Macro-F1)
            Logistic Regression 0.369 ± 0.023 0.750 ± 0.021 0.646 ± 0.015  0.390 ± 0.064       0.328 ± 0.019             11.4                 0.0738 0.6646                   0.1595
                  Random Forest 0.406 ± 0.037 0.756 ± 0.022 0.652 ± 0.014  0.376 ± 0.074       0.341 ± 0.031              2.8                 0.0392 0.3924                   0.0416
           HistGradientBoosting 0.389 ± 0.043 0.738 ± 0.030 0.648 ± 0.025  0.348 ± 0.070       0.333 ± 0.043              8.0                 0.5431 1.0000                   0.3788
                     Static MLP 0.393 ± 0.034 0.757 ± 0.020 0.642 ± 0.022  0.305 ± 0.063       0.336 ± 0.021              6.6                 0.2102 1.0000                   0.9787
                Standalone LSTM 0.132 ± 0.000 0.500 ± 0.000 0.116 ± 0.000  1.000 ± 0.000       1.000 ± 0.000             13.0                 0.0000 0.0004                   0.0000
        Hybrid-1 (MLP+CNN+LSTM) 0.398 ± 0.035 0.757 ± 0.018 0.658 ± 0.013  0.406 ± 0.044       0.343 ± 0.022              4.8                 0.0940 0.7519                   0.0188
          Hybrid-2 (MLP+BiLSTM) 0.397 ± 0.028 0.757 ± 0.020 0.657 ± 0.012  0.343 ± 0.053       0.344 ± 0.027              5.0                 0.0323 0.3556                   0.0088
             Hybrid-3 (MLP+GRU) 0.400 ± 0.031 0.756 ± 0.019 0.655 ± 0.013  0.390 ± 0.059       0.335 ± 0.023              4.4                 0.0947 0.7519                   0.0439
     Hybrid-4 (MLP+Transformer) 0.388 ± 0.030 0.753 ± 0.021 0.649 ± 0.013  0.350 ± 0.089       0.340 ± 0.028              7.6                 0.3917 1.0000                   0.0695
  Proposed (MLP+CausalTCN+LSTM) 0.382 ± 0.027 0.753 ± 0.023 0.642 ± 0.015  0.334 ± 0.053       0.329 ± 0.024              9.0                      -      -                        -
      Hybrid-5 (MLP+CNN-BiLSTM) 0.393 ± 0.031 0.756 ± 0.018 0.651 ± 0.014  0.334 ± 0.043       0.343 ± 0.021              6.6                 0.3529 1.0000                   0.0388
  Hybrid-6 (MLP+Attention-LSTM) 0.397 ± 0.036 0.756 ± 0.020 0.651 ± 0.018  0.368 ± 0.072       0.340 ± 0.024              5.6                 0.1681 1.0000                   0.0489
Hybrid-7 (MLP+Transformer-LSTM) 0.393 ± 0.034 0.758 ± 0.021 0.650 ± 0.014  0.360 ± 0.046       0.336 ± 0.026              6.2                 0.2669 1.0000                   0.1963
           Reference (no skill)         0.132         0.500         0.465              -               0.100              NaN                    NaN    NaN                      NaN

SPANISH DROPOUT STUDY - VERDICTS (computed)
======================================================================
[H2 after semester 1 | default] prevalence 0.132. Best PR-AUC: Hybrid-5 (MLP+CNN-BiLSTM) 0.574 (ROC-AUC 0.837). Proposed: PR-AUC 0.572, ROC-AUC 0.836, Macro-F1 0.743, mean-rank 2.6/13; Friedman p=0.0000; Holm-significantly better than ['Standalone LSTM', 'Hybrid-3 (MLP+GRU)']; worse than none.
[H2 after semester 1 | tuned] prevalence 0.132. Best PR-AUC: Hybrid-5 (MLP+CNN-BiLSTM) 0.576 (ROC-AUC 0.839). Proposed: PR-AUC 0.567, ROC-AUC 0.836, Macro-F1 0.740, mean-rank 4.8/13; Friedman p=0.0008; Holm-significantly better than ['Static MLP', 'Standalone LSTM']; worse than none.
[H1 enrolment time | default] prevalence 0.132. Best PR-AUC: Proposed (MLP+CausalTCN+LSTM) 0.397 (ROC-AUC 0.753). Proposed: PR-AUC 0.397, ROC-AUC 0.753, Macro-F1 0.647, mean-rank 4.0/13; Friedman p=0.0004; Holm-significantly better than ['Random Forest', 'Standalone LSTM']; worse than none.
[H1 enrolment time | tuned] prevalence 0.132. Best PR-AUC: Random Forest 0.406 (ROC-AUC 0.756). Proposed: PR-AUC 0.382, ROC-AUC 0.753, Macro-F1 0.642, mean-rank 9.0/13; Friedman p=0.0014; Holm-significantly better than ['Standalone LSTM']; worse than none.

5 folds => low power; 'tied' means no detectable difference. Dropout label A is inferred.

All outputs in spain_entrants_outputs/ (total 9.4 min)
EXIT=0
