[ablation] horizon=H2 variants=17 seeds=[42, 43, 44] epochs=15 jobs=4
[data] 2018: 20233 student-degree records, dropout(A) 7.1%
[data] 2021: 20264 student-degree records, dropout(A) 6.7%
[data] 2022: 20427 student-degree records, dropout(A) 7.3%
[Parallel(n_jobs=4)]: Using backend LokyBackend with 4 concurrent workers.
[Parallel(n_jobs=4)]: Done  10 tasks      | elapsed:   25.6s
[Parallel(n_jobs=4)]: Done  64 tasks      | elapsed:  1.9min
[Parallel(n_jobs=4)]: Done  85 out of  85 | elapsed:  2.5min finished
                              Variant         Type        PR-AUC       ROC-AUC          Δ PR-AUC [95% CI]      p Holm p
                Full model (Proposed)    reference 0.568 ± 0.034 0.836 ± 0.008                          -      -      -
                      - static branch architecture 0.325 ± 0.022 0.696 ± 0.003 -0.2426 [-0.2938, -0.1915] 0.0002 0.0025
                    - temporal branch architecture 0.543 ± 0.027 0.829 ± 0.005 -0.0242 [-0.0353, -0.0131] 0.0037 0.0449
              - causal TCN (MLP+LSTM) architecture 0.563 ± 0.035 0.835 ± 0.008 -0.0043 [-0.0086, +0.0001] 0.0551 0.5506
                     - LSTM (MLP+TCN) architecture 0.568 ± 0.030 0.837 ± 0.008 -0.0001 [-0.0070, +0.0067] 0.9599 1.0000
            - TCN residual connection architecture 0.562 ± 0.036 0.836 ± 0.007 -0.0057 [-0.0090, -0.0024] 0.0088 0.0966
         - causality (symmetric conv) architecture 0.567 ± 0.032 0.837 ± 0.009 -0.0007 [-0.0030, +0.0015] 0.4241 1.0000
                          - BatchNorm architecture 0.565 ± 0.031 0.838 ± 0.008 -0.0025 [-0.0118, +0.0068] 0.5040 1.0000
                            - Dropout architecture 0.529 ± 0.035 0.813 ± 0.009 -0.0388 [-0.0435, -0.0342] 0.0000 0.0003
           - fusion MLP (linear head) architecture 0.564 ± 0.034 0.836 ± 0.008 -0.0041 [-0.0123, +0.0041] 0.2412 1.0000
                - class-weighted loss     training 0.572 ± 0.029 0.838 ± 0.006 +0.0039 [-0.0081, +0.0160] 0.4138 1.0000
              - prior-year pass rates     features 0.567 ± 0.033 0.835 ± 0.008 -0.0006 [-0.0087, +0.0075] 0.8493 1.0000
         - credits / semester results     features 0.465 ± 0.034 0.785 ± 0.018 -0.1022 [-0.1208, -0.0836] 0.0001 0.0015
      - entry route & admission marks     features 0.566 ± 0.028 0.832 ± 0.007 -0.0018 [-0.0244, +0.0208] 0.8335 1.0000
     - family / campus / displacement     features 0.579 ± 0.033 0.844 ± 0.010 +0.0116 [-0.0008, +0.0240] 0.0596 0.5506
                             - degree     features 0.563 ± 0.029 0.835 ± 0.009 -0.0042 [-0.0158, +0.0074] 0.3714 1.0000
- learning-platform activity (zeroed)     features 0.545 ± 0.032 0.830 ± 0.005 -0.0229 [-0.0266, -0.0192] 0.0001 0.0010

ABLATION H2 after semester 1: full-model PR-AUC 0.568
Removal significantly LOWERS PR-AUC (Holm p<0.05): ['- static branch', '- temporal branch', '- Dropout', '- credits / semester results', '- learning-platform activity (zeroed)']
Removal significantly RAISES PR-AUC (Holm p<0.05): none
Largest drop: - static branch (-0.2426)
done in 2.9 min
